Metrum AI Bench metrum-ai-bench-cli-vlm 1.5.3

=== Run summary (metrum-ai-bench-cli.summary.v3) ===
  Attempted: 14  Successes: 14  Errors: 0  Error rate: 0.000
  Window: 2.695s  Requests/sec: 5.195
  Completion tokens/sec: 198.909 (server_usage)
  Prompt tokens: 57792  Input tokens/sec: 21446.581
  Completion tokens: 536
  Total tokens/sec: 21645.490
  Latency: n=14 avg=0.686s p50=0.655s p90=0.806s p95=0.866s p99=0.913s [p95*,p99*]
  CO-corrected latency: n=14 avg=0.686s p50=0.655s p90=0.806s p95=0.866s p99=0.913s [p95*,p99*]
  TTFT: n=14 avg=0.211s p50=0.182s p90=0.330s p95=0.393s p99=0.440s [p95*,p99*]
  TPOT: n=14 avg=0.013s p50=0.013s p90=0.013s p95=0.013s p99=0.013s [p95*,p99*]
  ITL: n=508 avg=0.013s p50=0.013s p90=0.013s p95=0.016s p99=0.016s
  Connect: n=14 avg=0.000s p50=0.000s p90=0.000s p95=0.000s p99=0.000s [p95*,p99*]
  Prefill (proxy): n=14 avg=0.211s p50=0.182s p90=0.330s p95=0.393s p99=0.440s [p95*,p99*]
  Decode: n=14 avg=0.476s p50=0.474s p90=0.485s p95=0.485s p99=0.486s [p95*,p99*]
  Decode tok/s: n=14 avg=80.500 p50=80.431
  Time to second token: n=14 avg=0.223s p50=0.194s p90=0.342s p95=0.405s p99=0.453s [p95*,p99*]
  Prefill tok/s per user: n=14 avg=21880.990 p50=22683.595 p90=28920.637 p95=29087.247 p99=29225.353 [p95*,p99*]
  User tok/s: n=14 avg=56.517 p50=58.023 p90=61.938 p95=62.211 p99=62.493 [p95*,p99*]
  First byte: n=14 avg=0.160s p50=0.128s p90=0.276s p95=0.339s p99=0.390s [p95*,p99*]
  Receive: n=14 avg=0.527s p50=0.527s p90=0.535s p95=0.537s p99=0.538s [p95*,p99*]
  DNS: n=14 avg=0.000s p50=0.000s p90=0.000s p95=0.000s p99=0.000s [p95*,p99*]
  Bytes sent: n=14 avg=2225076.000 p50=2225076.000 p90=2225076.000 p95=2225076.000 p99=2225076.000 [p95*,p99*]
  Bytes received: n=14 avg=9701.857 p50=9635.000 p90=9869.000 p95=9869.000 p99=9869.000 [p95*,p99*]
  Chunks received: n=14 avg=41.286 p50=41.000 p90=42.000 p95=42.000 p99=42.000 [p95*,p99*]
  Connections reused: 12 (85.7%)
  ISL tokens (server_usage): n=14 avg=4128.000 p50=4128.000 p90=4128.000 p95=4128.000 p99=4128.000 [p95*,p99*]
  OSL tokens (server_usage): n=14 avg=38.286 p50=38.000 p90=39.000 p95=39.000 p99=39.000 [p95*,p99*]
  Observed concurrency: mean=3.57 p50=4.00 max=4.00 cap=4 engagement=0.714
  Effective concurrency: n=14 avg=3.566 active_avg=3.566 max=4.000 active=2.695s
  Effective prefill concurrency: n=14 avg=1.095 active_avg=1.650 max=4.000 active=1.789s
  Effective decode concurrency: n=14 avg=2.471 active_avg=2.610 max=4.000 active=2.551s
  Tokens in flight: n=14 avg=14768.964 active_avg=14768.964 max=16616.454 active=2.695s
  Effective prefill tok/s: n=14 avg=21446.581 active_avg=32303.802 max=65344.709 active=1.789s
  Effective decode tok/s: n=14 avg=198.909 active_avg=210.114 max=321.872 active=2.551s
  Goodput: 5.195 req/s (14/14 attempted; thresholds={})
